// Vitest Snapshot v1, https://vitest.dev/guide/snapshot.html

exports[`should get user's config from get-config hook and normalizes it, then set it to context.config 1`] = `
{
  "apps": [
    {
      "name": "@xx/container",
      "packages": [Function],
      "predicate": [Function],
      "vite": {},
    },
  ],
  "assets": "assets",
  "base": "/",
  "cwd": "/path/to/project",
  "dist": "dist",
  "extensions": [
    "ts",
    "tsx",
  ],
  "meta": "local",
  "vite": {
    "base": "/",
    "build": {
      "assetsDir": "assets",
      "emptyOutDir": false,
      "outDir": "dist",
    },
  },
}
`;
